// Jest Snapshot v1, https://jestjs.io/docs/snapshot-testing

exports[`PixelGameEngine clear method fills the canvas 1`] = `
[
  {
    "props": {
      "value": "10px monospace",
    },
    "transform": [
      1,
      0,
      0,
      1,
      0,
      0,
    ],
    "type": "font",
  },
  {
    "props": {
      "value": "center",
    },
    "transform": [
      1,
      0,
      0,
      1,
      0,
      0,
    ],
    "type": "textAlign",
  },
  {
    "props": {
      "value": "middle",
    },
    "transform": [
      1,
      0,
      0,
      1,
      0,
      0,
    ],
    "type": "textBaseline",
  },
  {
    "props": {
      "value": "#000000",
    },
    "transform": [
      1,
      0,
      0,
      1,
      0,
      0,
    ],
    "type": "fillStyle",
  },
  {
    "props": {
      "height": 100,
      "width": 100,
      "x": 0,
      "y": 0,
    },
    "transform": [
      1,
      0,
      0,
      1,
      0,
      0,
    ],
    "type": "fillRect",
  },
]
`;
